* INFO  2026-06-14T16:27:08,282 (admin) Import:Validation took 0.025845 sec. (DefaultObjectBundleValidationService.java [http-nio-8080-exec-7])
* INFO  2026-06-14T16:27:08,285 (admin) Import:Commit took 0.000500 sec. (DefaultMetadataImportService.java [http-nio-8080-exec-7])
* INFO  2026-06-14T16:28:30,228 (admin) Import:Validation took 0.006477 sec. (DefaultObjectBundleValidationService.java [http-nio-8080-exec-5])
* INFO  2026-06-14T16:28:30,231 (admin) Import:Commit took 0.000107 sec. (DefaultMetadataImportService.java [http-nio-8080-exec-5])
* INFO  2026-06-14T16:28:40,730 (admin) Import:Validation took 0.003620 sec. (DefaultObjectBundleValidationService.java [http-nio-8080-exec-3])
* INFO  2026-06-14T16:28:41,486 (admin) Import:Commit took 0.749985 sec. (DefaultMetadataImportService.java [http-nio-8080-exec-3])
* INFO  2026-06-14T16:29:17,887 (admin) Import:Validation took 0.013953 sec. (DefaultObjectBundleValidationService.java [http-nio-8080-exec-2])
* INFO  2026-06-14T16:29:17,935 (admin) Import:Commit took 0.045846 sec. (DefaultMetadataImportService.java [http-nio-8080-exec-2])
* INFO  2026-06-14T16:36:13,096 (admin) Import:Validation took 0.107917 sec. (DefaultObjectBundleValidationService.java [http-nio-8080-exec-10])
* INFO  2026-06-14T16:36:15,086 (admin) Import:Commit took 1.985090 sec. (DefaultMetadataImportService.java [http-nio-8080-exec-10])
* INFO  2026-06-14T16:39:32,024 (admin) Import:Validation took 0.001752 sec. (DefaultObjectBundleValidationService.java [http-nio-8080-exec-9])
* INFO  2026-06-14T16:39:32,030 (admin) Import:Commit took 0.000262 sec. (DefaultMetadataImportService.java [http-nio-8080-exec-9])
* INFO  2026-06-14T16:39:42,574 (admin) Import:Validation took 0.001011 sec. (DefaultObjectBundleValidationService.java [http-nio-8080-exec-5])
* INFO  2026-06-14T16:39:42,601 (admin) Import:Commit took 0.024193 sec. (DefaultMetadataImportService.java [http-nio-8080-exec-5])
* INFO  2026-06-14T16:44:05,739 (admin) Import:Validation took 0.021769 sec. (DefaultObjectBundleValidationService.java [http-nio-8080-exec-6])
* INFO  2026-06-14T16:44:26,585 (admin) Import:Validation took 0.003928 sec. (DefaultObjectBundleValidationService.java [http-nio-8080-exec-2])
* INFO  2026-06-14T16:44:26,588 (admin) Import:Commit took 0.000112 sec. (DefaultMetadataImportService.java [http-nio-8080-exec-2])
* INFO  2026-06-14T16:46:11,604 (admin) Import:Validation took 0.002630 sec. (DefaultObjectBundleValidationService.java [http-nio-8080-exec-9])
* INFO  2026-06-14T16:46:11,737 (admin) Import:Commit took 0.130455 sec. (DefaultMetadataImportService.java [http-nio-8080-exec-9])
* INFO  2026-06-14T16:46:51,866 (admin) Export:Start (DefaultMetadataExportService.java [http-nio-8080-exec-4])
* INFO  2026-06-14T16:46:51,895 (admin) Exported 1 objects of type CategoryCombo (DefaultMetadataExportService.java [http-nio-8080-exec-4])
* INFO  2026-06-14T16:46:51,910 (admin) Exported 10 objects of type DataElement (DefaultMetadataExportService.java [http-nio-8080-exec-4])
* INFO  2026-06-14T16:46:51,915 (admin) Export:Done took 0.049171 sec. (DefaultMetadataExportService.java [http-nio-8080-exec-4])
* INFO  2026-06-14T16:47:01,949 (admin) Import:Validation took 0.001356 sec. (DefaultObjectBundleValidationService.java [http-nio-8080-exec-6])
* INFO  2026-06-14T16:47:02,063 (admin) Import:Commit took 0.111298 sec. (DefaultMetadataImportService.java [http-nio-8080-exec-6])
* INFO  2026-06-14T18:51:48,206 (admin) Import:Validation took 0.003111 sec. (DefaultObjectBundleValidationService.java [http-nio-8080-exec-7])
* INFO  2026-06-14T18:51:48,210 (admin) Import:Commit took 0.000209 sec. (DefaultMetadataImportService.java [http-nio-8080-exec-7])
* INFO  2026-06-14T18:51:53,502 (admin) Import:Validation took 0.001346 sec. (DefaultObjectBundleValidationService.java [http-nio-8080-exec-10])
* INFO  2026-06-14T18:51:53,586 (admin) Import:Commit took 0.081380 sec. (DefaultMetadataImportService.java [http-nio-8080-exec-10])
* INFO  2026-06-14T18:55:40,058 (admin) Import:Validation took 0.002004 sec. (DefaultObjectBundleValidationService.java [http-nio-8080-exec-3])
* INFO  2026-06-14T18:55:40,060 (admin) Import:Commit took 0.000071 sec. (DefaultMetadataImportService.java [http-nio-8080-exec-3])
* INFO  2026-06-14T18:55:45,201 (admin) Import:Validation took 0.001507 sec. (DefaultObjectBundleValidationService.java [http-nio-8080-exec-5])
* INFO  2026-06-14T18:55:45,279 (admin) Import:Commit took 0.076232 sec. (DefaultMetadataImportService.java [http-nio-8080-exec-5])
* INFO  2026-06-14T21:13:46,849 (admin) Import:Validation took 0.035370 sec. (DefaultObjectBundleValidationService.java [http-nio-8080-exec-6])
* INFO  2026-06-14T21:13:46,911 (admin) Import:Commit took 0.058404 sec. (DefaultMetadataImportService.java [http-nio-8080-exec-6])
* INFO  2026-06-14T21:20:01,027 (admin) Import:Validation took 0.048434 sec. (DefaultObjectBundleValidationService.java [http-nio-8080-exec-4])
* INFO  2026-06-14T21:20:01,081 (admin) Import:Commit took 0.047767 sec. (DefaultMetadataImportService.java [http-nio-8080-exec-4])
* INFO  2026-06-14T21:58:15,488 (admin) Import:Validation took 0.011860 sec. (DefaultObjectBundleValidationService.java [http-nio-8080-exec-2])
* INFO  2026-06-14T21:58:15,512 (admin) Import:Commit took 0.020098 sec. (DefaultMetadataImportService.java [http-nio-8080-exec-2])
* INFO  2026-06-14T21:59:09,334 (admin) Import:Validation took 0.002182 sec. (DefaultObjectBundleValidationService.java [http-nio-8080-exec-4])
* INFO  2026-06-14T21:59:09,359 (admin) Import:Commit took 0.023035 sec. (DefaultMetadataImportService.java [http-nio-8080-exec-4])
* INFO  2026-06-14T22:00:26,783 (admin) Import:Validation took 0.001102 sec. (DefaultObjectBundleValidationService.java [http-nio-8080-exec-8])
* INFO  2026-06-14T22:00:26,801 (admin) Import:Commit took 0.016046 sec. (DefaultMetadataImportService.java [http-nio-8080-exec-8])
* INFO  2026-06-15T13:44:35,245 (admin) Import:Validation took 0.058080 sec. (DefaultObjectBundleValidationService.java [http-nio-8080-exec-2])
* INFO  2026-06-15T13:44:35,258 (admin) Import:Commit took 0.001739 sec. (DefaultMetadataImportService.java [http-nio-8080-exec-2])
* INFO  2026-06-15T13:44:59,590 (admin) Import:Validation took 0.022029 sec. (DefaultObjectBundleValidationService.java [http-nio-8080-exec-5])
* INFO  2026-06-15T13:45:04,173 (admin) Import:Commit took 4.579699 sec. (DefaultMetadataImportService.java [http-nio-8080-exec-5])
* INFO  2026-06-15T13:45:35,246 (admin) Import:Validation took 0.012798 sec. (DefaultObjectBundleValidationService.java [http-nio-8080-exec-8])
* INFO  2026-06-15T13:45:35,251 (admin) Import:Commit took 0.000129 sec. (DefaultMetadataImportService.java [http-nio-8080-exec-8])
* INFO  2026-06-15T13:53:02,045 (admin) Import:Validation took 0.005888 sec. (DefaultObjectBundleValidationService.java [http-nio-8080-exec-7])
* INFO  2026-06-15T13:53:02,047 (admin) Import:Commit took 0.000075 sec. (DefaultMetadataImportService.java [http-nio-8080-exec-7])
* INFO  2026-06-15T13:53:10,143 (admin) Import:Validation took 0.000889 sec. (DefaultObjectBundleValidationService.java [http-nio-8080-exec-6])
* INFO  2026-06-15T13:53:10,166 (admin) Import:Commit took 0.019948 sec. (DefaultMetadataImportService.java [http-nio-8080-exec-6])
* INFO  2026-06-15T13:54:08,645 (admin) Import:Validation took 0.016103 sec. (DefaultObjectBundleValidationService.java [http-nio-8080-exec-6])
* INFO  2026-06-15T13:54:08,673 (admin) Import:Commit took 0.000107 sec. (DefaultMetadataImportService.java [http-nio-8080-exec-6])
* INFO  2026-06-15T13:54:13,688 (admin) Import:Validation took 0.004087 sec. (DefaultObjectBundleValidationService.java [http-nio-8080-exec-8])
* INFO  2026-06-15T13:54:13,792 (admin) Import:Commit took 0.101668 sec. (DefaultMetadataImportService.java [http-nio-8080-exec-8])
* INFO  2026-06-15T13:54:28,230 (admin) Import:Validation took 0.005247 sec. (DefaultObjectBundleValidationService.java [http-nio-8080-exec-9])
* INFO  2026-06-15T13:54:28,307 (admin) Import:Commit took 0.075969 sec. (DefaultMetadataImportService.java [http-nio-8080-exec-9])
* INFO  2026-06-15T13:54:40,968 (admin) Import:Validation took 0.001546 sec. (DefaultObjectBundleValidationService.java [http-nio-8080-exec-2])
* INFO  2026-06-15T13:54:41,054 (admin) Import:Commit took 0.082950 sec. (DefaultMetadataImportService.java [http-nio-8080-exec-2])
* INFO  2026-07-10T07:43:52,887 (admin) Import:Validation took 0.791606 sec. (DefaultObjectBundleValidationService.java [pool-5-thread-1])
* INFO  2026-07-10T07:43:52,896 (admin) Import:Commit took 0.000841 sec. (DefaultMetadataImportService.java [pool-5-thread-1])
* INFO  2026-07-10T07:44:04,920 (admin) Import:Validation took 0.508654 sec. (DefaultObjectBundleValidationService.java [pool-5-thread-1])
* INFO  2026-07-10T07:44:11,795 (admin) Import:Commit took 6.867601 sec. (DefaultMetadataImportService.java [pool-5-thread-1])
* INFO  2026-07-10T07:45:05,873 (admin) Import:Validation took 0.091953 sec. (DefaultObjectBundleValidationService.java [pool-5-thread-1])
* INFO  2026-07-10T07:45:05,889 (admin) Import:Commit took 0.000126 sec. (DefaultMetadataImportService.java [pool-5-thread-1])
* INFO  2026-07-10T07:45:19,335 (admin) Import:Validation took 0.049522 sec. (DefaultObjectBundleValidationService.java [pool-5-thread-1])
* INFO  2026-07-10T07:45:20,977 (admin) Import:Commit took 1.630217 sec. (DefaultMetadataImportService.java [pool-5-thread-1])
* INFO  2026-07-10T07:45:39,755 (admin) Export:Start (DefaultMetadataExportService.java [http-nio-8080-exec-6])
* INFO  2026-07-10T07:45:39,767 (admin) Exported 12 objects of type DataElement (DefaultMetadataExportService.java [http-nio-8080-exec-6])
* INFO  2026-07-10T07:45:39,790 (admin) Exported 2 objects of type TrackedEntityAttribute (DefaultMetadataExportService.java [http-nio-8080-exec-6])
* INFO  2026-07-10T07:45:39,826 (admin) Exported 1 objects of type Program (DefaultMetadataExportService.java [http-nio-8080-exec-6])
* INFO  2026-07-10T07:45:39,833 (admin) Export:Done took 0.078254 sec. (DefaultMetadataExportService.java [http-nio-8080-exec-6])
* INFO  2026-07-10T07:46:00,091 (admin) Import:Validation took 0.011058 sec. (DefaultObjectBundleValidationService.java [http-nio-8080-exec-8])
* INFO  2026-07-10T07:46:00,123 (admin) Import:Commit took 0.027856 sec. (DefaultMetadataImportService.java [http-nio-8080-exec-8])
* INFO  2026-07-10T07:47:15,703 (admin) Import:Validation took 0.007357 sec. (DefaultObjectBundleValidationService.java [pool-5-thread-1])
* INFO  2026-07-10T07:47:54,289 (admin) Import:Validation took 0.286068 sec. (DefaultObjectBundleValidationService.java [pool-5-thread-1])
* INFO  2026-07-10T07:47:54,293 (admin) Import:Commit took 0.002050 sec. (DefaultMetadataImportService.java [pool-5-thread-1])
* INFO  2026-07-10T07:47:58,887 (admin) Import:Validation took 0.168631 sec. (DefaultObjectBundleValidationService.java [pool-5-thread-1])
* INFO  2026-07-10T07:48:00,148 (admin) Import:Commit took 1.258478 sec. (DefaultMetadataImportService.java [pool-5-thread-1])
* INFO  2026-07-10T08:05:29,599 (admin) Import:Validation took 0.010184 sec. (DefaultObjectBundleValidationService.java [http-nio-8080-exec-3])
* INFO  2026-07-10T08:05:29,661 (admin) Import:Commit took 0.060656 sec. (DefaultMetadataImportService.java [http-nio-8080-exec-3])
* INFO  2026-07-10T08:05:53,694 (admin) Import:Validation took 0.001417 sec. (DefaultObjectBundleValidationService.java [http-nio-8080-exec-3])
* INFO  2026-07-10T08:05:53,729 (admin) Import:Commit took 0.033126 sec. (DefaultMetadataImportService.java [http-nio-8080-exec-3])
* INFO  2026-07-10T08:12:45,252 (admin) Import:Validation took 0.000645 sec. (DefaultObjectBundleValidationService.java [http-nio-8080-exec-1])
* INFO  2026-07-10T08:12:45,270 (admin) Import:Commit took 0.016262 sec. (DefaultMetadataImportService.java [http-nio-8080-exec-1])
* INFO  2026-07-10T08:36:45,493 (admin) Import:Validation took 0.333746 sec. (DefaultObjectBundleValidationService.java [pool-5-thread-1])
* INFO  2026-07-10T08:36:50,422 (admin) Import:Commit took 4.925270 sec. (DefaultMetadataImportService.java [pool-5-thread-1])
* INFO  2026-07-10T08:37:18,374 (admin) Import:Validation took 0.048392 sec. (DefaultObjectBundleValidationService.java [pool-5-thread-1])
* INFO  2026-07-10T08:37:20,044 (admin) Import:Commit took 1.668196 sec. (DefaultMetadataImportService.java [pool-5-thread-1])
* INFO  2026-07-10T08:37:39,075 (admin) Import:Validation took 0.006531 sec. (DefaultObjectBundleValidationService.java [pool-5-thread-1])
* INFO  2026-07-10T08:37:51,072 (admin) Import:Validation took 0.159156 sec. (DefaultObjectBundleValidationService.java [pool-5-thread-1])
* INFO  2026-07-10T08:37:51,647 (admin) Import:Commit took 0.567110 sec. (DefaultMetadataImportService.java [pool-5-thread-1])
* INFO  2026-07-10T08:38:21,913 (admin) Import:Validation took 0.006124 sec. (DefaultObjectBundleValidationService.java [http-nio-8080-exec-9])
* INFO  2026-07-10T08:38:21,929 (admin) Import:Commit took 0.014218 sec. (DefaultMetadataImportService.java [http-nio-8080-exec-9])
* INFO  2026-07-10T08:38:50,954 (admin) Import:Validation took 0.000979 sec. (DefaultObjectBundleValidationService.java [http-nio-8080-exec-8])
* INFO  2026-07-10T08:38:50,966 (admin) Import:Commit took 0.010655 sec. (DefaultMetadataImportService.java [http-nio-8080-exec-8])
* INFO  2026-07-10T08:47:19,115 (admin) Import:Validation took 0.000963 sec. (DefaultObjectBundleValidationService.java [http-nio-8080-exec-7])
* INFO  2026-07-10T08:47:19,122 (admin) Import:Commit took 0.006164 sec. (DefaultMetadataImportService.java [http-nio-8080-exec-7])
* INFO  2026-07-10T08:51:20,455 (admin) Import:Validation took 0.002468 sec. (DefaultObjectBundleValidationService.java [http-nio-8080-exec-8])
* INFO  2026-07-10T08:51:20,463 (admin) Import:Commit took 0.007359 sec. (DefaultMetadataImportService.java [http-nio-8080-exec-8])
* INFO  2026-07-10T10:19:09,243 (admin) Import:Validation took 0.006314 sec. (DefaultObjectBundleValidationService.java [http-nio-8080-exec-2])
* INFO  2026-07-10T10:19:09,304 (admin) Import:Commit took 0.058996 sec. (DefaultMetadataImportService.java [http-nio-8080-exec-2])
* INFO  2026-07-10T12:47:28,547 (admin) Import:Validation took 0.005724 sec. (DefaultObjectBundleValidationService.java [http-nio-8080-exec-6])
* INFO  2026-07-10T12:47:28,602 (admin) Import:Commit took 0.053057 sec. (DefaultMetadataImportService.java [http-nio-8080-exec-6])
* INFO  2026-07-10T16:48:59,923 (admin) Import:Validation took 0.015138 sec. (DefaultObjectBundleValidationService.java [http-nio-8080-exec-5])
* INFO  2026-07-10T16:49:00,065 (admin) Import:Commit took 0.138143 sec. (DefaultMetadataImportService.java [http-nio-8080-exec-5])
* INFO  2026-07-10T16:50:57,356 (admin) Import:Validation took 0.416646 sec. (DefaultObjectBundleValidationService.java [pool-5-thread-5])
* INFO  2026-07-10T16:50:57,358 (admin) Import:Commit took 0.000111 sec. (DefaultMetadataImportService.java [pool-5-thread-5])
* INFO  2026-07-10T16:51:04,606 (admin) Import:Validation took 0.303207 sec. (DefaultObjectBundleValidationService.java [pool-5-thread-5])
* INFO  2026-07-10T16:51:06,083 (admin) Import:Commit took 1.474350 sec. (DefaultMetadataImportService.java [pool-5-thread-5])
* INFO  2026-07-10T16:56:41,379 (admin) Import:Validation took 0.011821 sec. (DefaultObjectBundleValidationService.java [http-nio-8080-exec-5])
* INFO  2026-07-10T16:56:41,473 (admin) Import:Commit took 0.093357 sec. (DefaultMetadataImportService.java [http-nio-8080-exec-5])
* INFO  2026-07-10T16:57:08,205 (admin) Import:Validation took 0.008902 sec. (DefaultObjectBundleValidationService.java [http-nio-8080-exec-1])
* INFO  2026-07-10T16:57:08,296 (admin) Import:Commit took 0.089645 sec. (DefaultMetadataImportService.java [http-nio-8080-exec-1])
* INFO  2026-07-10T16:57:23,943 (admin) Import:Validation took 0.005621 sec. (DefaultObjectBundleValidationService.java [http-nio-8080-exec-3])
* INFO  2026-07-10T16:57:23,958 (admin) Import:Commit took 0.014175 sec. (DefaultMetadataImportService.java [http-nio-8080-exec-3])
* INFO  2026-07-10T17:08:58,393 (admin) Export:Start (DefaultMetadataExportService.java [http-nio-8080-exec-7])
* INFO  2026-07-10T17:08:58,421 (admin) Exported 53 objects of type ProgramIndicator (DefaultMetadataExportService.java [http-nio-8080-exec-7])
* INFO  2026-07-10T17:08:58,436 (admin) Exported 14 objects of type TrackedEntityAttribute (DefaultMetadataExportService.java [http-nio-8080-exec-7])
* INFO  2026-07-10T17:08:58,531 (admin) Exported 1 objects of type CategoryOption (DefaultMetadataExportService.java [http-nio-8080-exec-7])
* INFO  2026-07-10T17:08:58,566 (admin) Exported 7 objects of type OrganisationUnitLevel (DefaultMetadataExportService.java [http-nio-8080-exec-7])
* INFO  2026-07-10T17:08:58,575 (admin) Exported 4 objects of type ProgramStage (DefaultMetadataExportService.java [http-nio-8080-exec-7])
* INFO  2026-07-10T17:08:58,581 (admin) Exported 10 objects of type ProgramRuleVariable (DefaultMetadataExportService.java [http-nio-8080-exec-7])
* INFO  2026-07-10T17:08:58,609 (admin) Exported 7 objects of type ProgramStageSection (DefaultMetadataExportService.java [http-nio-8080-exec-7])
* INFO  2026-07-10T17:08:58,631 (admin) Exported 4 objects of type UserGroup (DefaultMetadataExportService.java [http-nio-8080-exec-7])
* INFO  2026-07-10T17:08:58,678 (admin) Exported 1 objects of type Route (DefaultMetadataExportService.java [http-nio-8080-exec-7])
* INFO  2026-07-10T17:08:58,777 (admin) Exported 6 objects of type ProgramSection (DefaultMetadataExportService.java [http-nio-8080-exec-7])
* INFO  2026-07-10T17:08:58,778 (admin) Exported 3 objects of type UserRole (DefaultMetadataExportService.java [http-nio-8080-exec-7])
* INFO  2026-07-10T17:08:58,783 (admin) Exported 2 objects of type TrackedEntityType (DefaultMetadataExportService.java [http-nio-8080-exec-7])
* INFO  2026-07-10T17:08:58,794 (admin) Exported 1 objects of type ApiToken (DefaultMetadataExportService.java [http-nio-8080-exec-7])
* INFO  2026-07-10T17:08:58,808 (admin) Exported 31 objects of type Option (DefaultMetadataExportService.java [http-nio-8080-exec-7])
* INFO  2026-07-10T17:08:58,823 (admin) Exported 22 objects of type DataElement (DefaultMetadataExportService.java [http-nio-8080-exec-7])
* INFO  2026-07-10T17:08:58,843 (admin) Exported 2 objects of type Program (DefaultMetadataExportService.java [http-nio-8080-exec-7])
* INFO  2026-07-10T17:08:58,858 (admin) Exported 7 objects of type OptionSet (DefaultMetadataExportService.java [http-nio-8080-exec-7])
* INFO  2026-07-10T17:08:58,880 (admin) Exported 9 objects of type ProgramRule (DefaultMetadataExportService.java [http-nio-8080-exec-7])
* INFO  2026-07-10T17:08:58,905 (admin) Exported 1 objects of type Category (DefaultMetadataExportService.java [http-nio-8080-exec-7])
* INFO  2026-07-10T17:08:58,912 (admin) Exported 1 objects of type CategoryCombo (DefaultMetadataExportService.java [http-nio-8080-exec-7])
* INFO  2026-07-10T17:08:58,924 (admin) Exported 20 objects of type ProgramRuleAction (DefaultMetadataExportService.java [http-nio-8080-exec-7])
* INFO  2026-07-10T17:08:58,931 (admin) Exported 1 objects of type CategoryOptionCombo (DefaultMetadataExportService.java [http-nio-8080-exec-7])
* INFO  2026-07-10T17:08:59,048 (admin) Exported 4682 objects of type OrganisationUnit (DefaultMetadataExportService.java [http-nio-8080-exec-7])
* INFO  2026-07-10T17:08:59,054 (admin) Exported 46 objects of type User (DefaultMetadataExportService.java [http-nio-8080-exec-7])
* INFO  2026-07-10T17:08:59,056 (admin) Export:Done took 0.663589 sec. (DefaultMetadataExportService.java [http-nio-8080-exec-7])
* INFO  2026-07-10T17:09:44,721 (admin) Export:Start (DefaultMetadataExportService.java [http-nio-8080-exec-6])
* INFO  2026-07-10T17:10:06,178 (admin) Export:Start (DefaultMetadataExportService.java [http-nio-8080-exec-10])
* INFO  2026-07-10T17:10:20,315 (admin) Export:Start (DefaultMetadataExportService.java [http-nio-8080-exec-8])
* INFO  2026-07-10T17:10:20,320 (admin) Exported 53 objects of type ProgramIndicator (DefaultMetadataExportService.java [http-nio-8080-exec-8])
* INFO  2026-07-10T17:10:20,322 (admin) Exported 14 objects of type TrackedEntityAttribute (DefaultMetadataExportService.java [http-nio-8080-exec-8])
* INFO  2026-07-10T17:10:20,324 (admin) Exported 1 objects of type CategoryOption (DefaultMetadataExportService.java [http-nio-8080-exec-8])
* INFO  2026-07-10T17:10:20,326 (admin) Exported 7 objects of type OrganisationUnitLevel (DefaultMetadataExportService.java [http-nio-8080-exec-8])
* INFO  2026-07-10T17:10:20,327 (admin) Exported 4 objects of type ProgramStage (DefaultMetadataExportService.java [http-nio-8080-exec-8])
* INFO  2026-07-10T17:10:20,329 (admin) Exported 10 objects of type ProgramRuleVariable (DefaultMetadataExportService.java [http-nio-8080-exec-8])
* INFO  2026-07-10T17:10:20,330 (admin) Exported 7 objects of type ProgramStageSection (DefaultMetadataExportService.java [http-nio-8080-exec-8])
* INFO  2026-07-10T17:10:20,332 (admin) Exported 4 objects of type UserGroup (DefaultMetadataExportService.java [http-nio-8080-exec-8])
* INFO  2026-07-10T17:10:20,333 (admin) Exported 1 objects of type Route (DefaultMetadataExportService.java [http-nio-8080-exec-8])
* INFO  2026-07-10T17:10:20,336 (admin) Exported 6 objects of type ProgramSection (DefaultMetadataExportService.java [http-nio-8080-exec-8])
* INFO  2026-07-10T17:10:20,338 (admin) Exported 3 objects of type UserRole (DefaultMetadataExportService.java [http-nio-8080-exec-8])
* INFO  2026-07-10T17:10:20,339 (admin) Exported 2 objects of type TrackedEntityType (DefaultMetadataExportService.java [http-nio-8080-exec-8])
* INFO  2026-07-10T17:10:20,341 (admin) Exported 1 objects of type ApiToken (DefaultMetadataExportService.java [http-nio-8080-exec-8])
* INFO  2026-07-10T17:10:20,346 (admin) Exported 31 objects of type Option (DefaultMetadataExportService.java [http-nio-8080-exec-8])
* INFO  2026-07-10T17:10:20,349 (admin) Exported 22 objects of type DataElement (DefaultMetadataExportService.java [http-nio-8080-exec-8])
* INFO  2026-07-10T17:10:20,352 (admin) Exported 2 objects of type Program (DefaultMetadataExportService.java [http-nio-8080-exec-8])
* INFO  2026-07-10T17:10:20,354 (admin) Exported 7 objects of type OptionSet (DefaultMetadataExportService.java [http-nio-8080-exec-8])
* INFO  2026-07-10T17:10:20,356 (admin) Exported 9 objects of type ProgramRule (DefaultMetadataExportService.java [http-nio-8080-exec-8])
* INFO  2026-07-10T17:10:20,357 (admin) Exported 1 objects of type Category (DefaultMetadataExportService.java [http-nio-8080-exec-8])
* INFO  2026-07-10T17:10:20,358 (admin) Exported 1 objects of type CategoryCombo (DefaultMetadataExportService.java [http-nio-8080-exec-8])
* INFO  2026-07-10T17:10:20,360 (admin) Exported 20 objects of type ProgramRuleAction (DefaultMetadataExportService.java [http-nio-8080-exec-8])
* INFO  2026-07-10T17:10:20,362 (admin) Exported 1 objects of type CategoryOptionCombo (DefaultMetadataExportService.java [http-nio-8080-exec-8])
* INFO  2026-07-10T17:10:20,431 (admin) Exported 4682 objects of type OrganisationUnit (DefaultMetadataExportService.java [http-nio-8080-exec-8])
* INFO  2026-07-10T17:10:20,433 (admin) Exported 46 objects of type User (DefaultMetadataExportService.java [http-nio-8080-exec-8])
* INFO  2026-07-10T17:10:20,435 (admin) Export:Done took 0.119177 sec. (DefaultMetadataExportService.java [http-nio-8080-exec-8])
* INFO  2026-07-10T17:11:12,465 (admin) Export:Start (DefaultMetadataExportService.java [http-nio-8080-exec-6])
* INFO  2026-07-10T20:43:55,321 (admin) Export:Start (DefaultMetadataExportService.java [http-nio-8080-exec-6])
* INFO  2026-07-10T20:43:55,342 (admin) Exported 53 objects of type ProgramIndicator (DefaultMetadataExportService.java [http-nio-8080-exec-6])
* INFO  2026-07-10T20:43:55,356 (admin) Exported 14 objects of type TrackedEntityAttribute (DefaultMetadataExportService.java [http-nio-8080-exec-6])
* INFO  2026-07-10T20:43:55,388 (admin) Exported 1 objects of type CategoryOption (DefaultMetadataExportService.java [http-nio-8080-exec-6])
* INFO  2026-07-10T20:43:55,401 (admin) Exported 7 objects of type OrganisationUnitLevel (DefaultMetadataExportService.java [http-nio-8080-exec-6])
* INFO  2026-07-10T20:43:55,406 (admin) Exported 10 objects of type ProgramRuleVariable (DefaultMetadataExportService.java [http-nio-8080-exec-6])
* INFO  2026-07-10T20:43:55,418 (admin) Exported 4 objects of type ProgramStage (DefaultMetadataExportService.java [http-nio-8080-exec-6])
* INFO  2026-07-10T20:43:55,432 (admin) Exported 7 objects of type ProgramStageSection (DefaultMetadataExportService.java [http-nio-8080-exec-6])
* INFO  2026-07-10T20:43:55,441 (admin) Exported 4 objects of type UserGroup (DefaultMetadataExportService.java [http-nio-8080-exec-6])
* INFO  2026-07-10T20:43:55,459 (admin) Exported 1 objects of type Route (DefaultMetadataExportService.java [http-nio-8080-exec-6])
* INFO  2026-07-10T20:43:55,476 (admin) Exported 6 objects of type ProgramSection (DefaultMetadataExportService.java [http-nio-8080-exec-6])
* INFO  2026-07-10T20:43:55,481 (admin) Exported 3 objects of type UserRole (DefaultMetadataExportService.java [http-nio-8080-exec-6])
* INFO  2026-07-10T20:43:55,485 (admin) Exported 2 objects of type TrackedEntityType (DefaultMetadataExportService.java [http-nio-8080-exec-6])
* INFO  2026-07-10T20:43:55,490 (admin) Exported 1 objects of type ApiToken (DefaultMetadataExportService.java [http-nio-8080-exec-6])
* INFO  2026-07-10T20:43:55,496 (admin) Exported 31 objects of type Option (DefaultMetadataExportService.java [http-nio-8080-exec-6])
* INFO  2026-07-10T20:43:55,502 (admin) Exported 22 objects of type DataElement (DefaultMetadataExportService.java [http-nio-8080-exec-6])
* INFO  2026-07-10T20:43:55,512 (admin) Exported 2 objects of type Program (DefaultMetadataExportService.java [http-nio-8080-exec-6])
* INFO  2026-07-10T20:43:55,517 (admin) Exported 7 objects of type OptionSet (DefaultMetadataExportService.java [http-nio-8080-exec-6])
* INFO  2026-07-10T20:43:55,522 (admin) Exported 9 objects of type ProgramRule (DefaultMetadataExportService.java [http-nio-8080-exec-6])
* INFO  2026-07-10T20:43:55,528 (admin) Exported 20 objects of type ProgramRuleAction (DefaultMetadataExportService.java [http-nio-8080-exec-6])
* INFO  2026-07-10T20:43:55,533 (admin) Exported 1 objects of type Category (DefaultMetadataExportService.java [http-nio-8080-exec-6])
* INFO  2026-07-10T20:43:55,536 (admin) Exported 1 objects of type CategoryCombo (DefaultMetadataExportService.java [http-nio-8080-exec-6])
* INFO  2026-07-10T20:43:55,542 (admin) Exported 1 objects of type CategoryOptionCombo (DefaultMetadataExportService.java [http-nio-8080-exec-6])
* INFO  2026-07-10T20:43:55,682 (admin) Exported 4682 objects of type OrganisationUnit (DefaultMetadataExportService.java [http-nio-8080-exec-6])
* INFO  2026-07-10T20:43:55,688 (admin) Exported 46 objects of type User (DefaultMetadataExportService.java [http-nio-8080-exec-6])
* INFO  2026-07-10T20:43:55,693 (admin) Export:Done took 0.371158 sec. (DefaultMetadataExportService.java [http-nio-8080-exec-6])
* INFO  2026-07-11T04:50:41,048 (admin) Export:Start (DefaultMetadataExportService.java [http-nio-8080-exec-1])
* INFO  2026-07-11T04:50:41,062 (admin) Exported 22 objects of type DataElement (DefaultMetadataExportService.java [http-nio-8080-exec-1])
* INFO  2026-07-11T04:50:41,073 (admin) Exported 14 objects of type TrackedEntityAttribute (DefaultMetadataExportService.java [http-nio-8080-exec-1])
* INFO  2026-07-11T04:50:41,084 (admin) Exported 1 objects of type Program (DefaultMetadataExportService.java [http-nio-8080-exec-1])
* INFO  2026-07-11T04:50:41,089 (admin) Export:Done took 0.039038 sec. (DefaultMetadataExportService.java [http-nio-8080-exec-1])
* INFO  2026-07-11T04:56:16,993 (admin) Import:Validation took 0.020435 sec. (DefaultObjectBundleValidationService.java [http-nio-8080-exec-6])
* INFO  2026-07-11T04:56:17,039 (admin) Import:Commit took 0.043790 sec. (DefaultMetadataImportService.java [http-nio-8080-exec-6])
* INFO  2026-07-11T04:58:39,814 (admin) Import:Validation took 0.002534 sec. (DefaultObjectBundleValidationService.java [http-nio-8080-exec-3])
* INFO  2026-07-11T04:58:39,840 (admin) Import:Commit took 0.024884 sec. (DefaultMetadataImportService.java [http-nio-8080-exec-3])
* INFO  2026-07-11T08:43:46,415 (admin) Import:Validation took 0.013948 sec. (DefaultObjectBundleValidationService.java [http-nio-8080-exec-8])
* INFO  2026-07-11T08:43:46,559 (admin) Import:Commit took 0.142222 sec. (DefaultMetadataImportService.java [http-nio-8080-exec-8])
* INFO  2026-07-11T10:26:24,686 (admin) Export:Start (DefaultMetadataExportService.java [http-nio-8080-exec-8])
* INFO  2026-07-11T10:26:24,725 (admin) Exported 4 objects of type ProgramStage (DefaultMetadataExportService.java [http-nio-8080-exec-8])
* INFO  2026-07-11T10:26:24,732 (admin) Exported 1 objects of type Category (DefaultMetadataExportService.java [http-nio-8080-exec-8])
* INFO  2026-07-11T10:26:24,781 (admin) Exported 2 objects of type TrackedEntityType (DefaultMetadataExportService.java [http-nio-8080-exec-8])
* INFO  2026-07-11T10:26:24,801 (admin) Exported 2 objects of type Program (DefaultMetadataExportService.java [http-nio-8080-exec-8])
* INFO  2026-07-11T10:26:24,837 (admin) Exported 7 objects of type OptionSet (DefaultMetadataExportService.java [http-nio-8080-exec-8])
* INFO  2026-07-11T10:26:24,854 (admin) Exported 14 objects of type TrackedEntityAttribute (DefaultMetadataExportService.java [http-nio-8080-exec-8])
* INFO  2026-07-11T10:26:24,880 (admin) Exported 22 objects of type DataElement (DefaultMetadataExportService.java [http-nio-8080-exec-8])
* INFO  2026-07-11T10:26:24,912 (admin) Exported 53 objects of type ProgramIndicator (DefaultMetadataExportService.java [http-nio-8080-exec-8])
* INFO  2026-07-11T10:26:24,916 (admin) Exported 5 objects of type UserGroup (DefaultMetadataExportService.java [http-nio-8080-exec-8])
* INFO  2026-07-11T10:26:24,936 (admin) Exported 1 objects of type CategoryOption (DefaultMetadataExportService.java [http-nio-8080-exec-8])
* INFO  2026-07-11T10:26:24,954 (admin) Exported 1 objects of type CategoryCombo (DefaultMetadataExportService.java [http-nio-8080-exec-8])
* INFO  2026-07-11T10:26:24,960 (admin) Exported 1 objects of type ApiToken (DefaultMetadataExportService.java [http-nio-8080-exec-8])
* INFO  2026-07-11T10:26:24,981 (admin) Exported 20 objects of type ProgramRuleAction (DefaultMetadataExportService.java [http-nio-8080-exec-8])
* INFO  2026-07-11T10:26:25,005 (admin) Exported 1 objects of type Route (DefaultMetadataExportService.java [http-nio-8080-exec-8])
* INFO  2026-07-11T10:26:25,016 (admin) Exported 10 objects of type ProgramRuleVariable (DefaultMetadataExportService.java [http-nio-8080-exec-8])
* INFO  2026-07-11T10:26:25,039 (admin) Exported 3 objects of type UserRole (DefaultMetadataExportService.java [http-nio-8080-exec-8])
* INFO  2026-07-11T10:26:25,047 (admin) Exported 7 objects of type ProgramStageSection (DefaultMetadataExportService.java [http-nio-8080-exec-8])
* INFO  2026-07-11T10:26:25,072 (admin) Exported 46 objects of type User (DefaultMetadataExportService.java [http-nio-8080-exec-8])
* INFO  2026-07-11T10:26:25,082 (admin) Exported 31 objects of type Option (DefaultMetadataExportService.java [http-nio-8080-exec-8])
* INFO  2026-07-11T10:26:25,091 (admin) Exported 6 objects of type ProgramSection (DefaultMetadataExportService.java [http-nio-8080-exec-8])
* INFO  2026-07-11T10:26:25,100 (admin) Exported 1 objects of type CategoryOptionCombo (DefaultMetadataExportService.java [http-nio-8080-exec-8])
* INFO  2026-07-11T10:26:25,233 (admin) Exported 4682 objects of type OrganisationUnit (DefaultMetadataExportService.java [http-nio-8080-exec-8])
* INFO  2026-07-11T10:26:25,244 (admin) Exported 7 objects of type OrganisationUnitLevel (DefaultMetadataExportService.java [http-nio-8080-exec-8])
* INFO  2026-07-11T10:26:25,262 (admin) Exported 9 objects of type ProgramRule (DefaultMetadataExportService.java [http-nio-8080-exec-8])
* INFO  2026-07-11T10:26:25,263 (admin) Export:Done took 0.577433 sec. (DefaultMetadataExportService.java [http-nio-8080-exec-8])
* INFO  2026-07-11T21:22:25,495 (admin) Import:Validation took 0.040603 sec. (DefaultObjectBundleValidationService.java [http-nio-8080-exec-2])
* INFO  2026-07-11T21:22:25,632 (admin) Import:Commit took 0.134437 sec. (DefaultMetadataImportService.java [http-nio-8080-exec-2])
* INFO  2026-07-13T07:50:04,877 (admin) Import:Validation took 0.025286 sec. (DefaultObjectBundleValidationService.java [http-nio-8080-exec-2])
* INFO  2026-07-13T07:50:04,917 (admin) Import:Commit took 0.035011 sec. (DefaultMetadataImportService.java [http-nio-8080-exec-2])
* INFO  2026-07-13T18:34:38,396 (admin) Import:Validation took 0.008129 sec. (DefaultObjectBundleValidationService.java [http-nio-8080-exec-10])
* INFO  2026-07-13T18:34:38,464 (admin) Import:Commit took 0.065556 sec. (DefaultMetadataImportService.java [http-nio-8080-exec-10])
* INFO  2026-07-14T10:25:51,204 (admin) Import:Validation took 0.052856 sec. (DefaultObjectBundleValidationService.java [http-nio-8080-exec-1])
* INFO  2026-07-14T10:25:51,311 (admin) Import:Commit took 0.094084 sec. (DefaultMetadataImportService.java [http-nio-8080-exec-1])
* INFO  2026-07-14T14:06:29,493 (admin) Import:Validation took 0.040399 sec. (DefaultObjectBundleValidationService.java [http-nio-8080-exec-8])
* INFO  2026-07-14T14:06:29,496 (admin) Import:Commit took 0.000541 sec. (DefaultMetadataImportService.java [http-nio-8080-exec-8])
* INFO  2026-07-14T18:14:21,203 (admin) Import:Validation took 0.024722 sec. (DefaultObjectBundleValidationService.java [http-nio-8080-exec-2])
* INFO  2026-07-14T18:14:21,238 (admin) Import:Commit took 0.030612 sec. (DefaultMetadataImportService.java [http-nio-8080-exec-2])
* INFO  2026-07-14T18:19:19,650 (admin) Export:Start (DefaultMetadataExportService.java [http-nio-8080-exec-9])
* INFO  2026-07-14T18:19:19,665 (admin) Exported 22 objects of type DataElement (DefaultMetadataExportService.java [http-nio-8080-exec-9])
* INFO  2026-07-14T18:19:19,676 (admin) Exported 1 objects of type Program (DefaultMetadataExportService.java [http-nio-8080-exec-9])
* INFO  2026-07-14T18:19:19,688 (admin) Exported 14 objects of type TrackedEntityAttribute (DefaultMetadataExportService.java [http-nio-8080-exec-9])
* INFO  2026-07-14T18:19:19,694 (admin) Export:Done took 0.041012 sec. (DefaultMetadataExportService.java [http-nio-8080-exec-9])
* INFO  2026-07-14T18:19:26,154 (admin) Import:Validation took 0.008193 sec. (DefaultObjectBundleValidationService.java [http-nio-8080-exec-3])
* INFO  2026-07-14T18:19:26,226 (admin) Import:Commit took 0.069873 sec. (DefaultMetadataImportService.java [http-nio-8080-exec-3])
* INFO  2026-07-14T18:20:40,453 (admin) Import:Validation took 0.011930 sec. (DefaultObjectBundleValidationService.java [http-nio-8080-exec-2])
* INFO  2026-07-14T18:20:40,482 (admin) Import:Commit took 0.026713 sec. (DefaultMetadataImportService.java [http-nio-8080-exec-2])
* INFO  2026-07-14T18:21:57,669 (admin) Export:Start (DefaultMetadataExportService.java [http-nio-8080-exec-8])
* INFO  2026-07-14T18:21:57,681 (admin) Exported 22 objects of type DataElement (DefaultMetadataExportService.java [http-nio-8080-exec-8])
* INFO  2026-07-14T18:21:57,685 (admin) Exported 1 objects of type Program (DefaultMetadataExportService.java [http-nio-8080-exec-8])
* INFO  2026-07-14T18:21:57,693 (admin) Exported 14 objects of type TrackedEntityAttribute (DefaultMetadataExportService.java [http-nio-8080-exec-8])
* INFO  2026-07-14T18:21:57,696 (admin) Export:Done took 0.027105 sec. (DefaultMetadataExportService.java [http-nio-8080-exec-8])
* INFO  2026-07-14T18:30:22,498 (admin) Export:Start (DefaultMetadataExportService.java [http-nio-8080-exec-4])
* INFO  2026-07-14T18:30:22,501 (admin) Exported 22 objects of type DataElement (DefaultMetadataExportService.java [http-nio-8080-exec-4])
* INFO  2026-07-14T18:30:22,505 (admin) Exported 1 objects of type Program (DefaultMetadataExportService.java [http-nio-8080-exec-4])
* INFO  2026-07-14T18:30:22,510 (admin) Exported 14 objects of type TrackedEntityAttribute (DefaultMetadataExportService.java [http-nio-8080-exec-4])
* INFO  2026-07-14T18:30:22,512 (admin) Export:Done took 0.013475 sec. (DefaultMetadataExportService.java [http-nio-8080-exec-4])
* INFO  2026-07-14T18:30:28,263 (admin) Import:Validation took 0.004458 sec. (DefaultObjectBundleValidationService.java [http-nio-8080-exec-6])
* INFO  2026-07-14T18:30:28,335 (admin) Import:Commit took 0.070160 sec. (DefaultMetadataImportService.java [http-nio-8080-exec-6])
* INFO  2026-07-16T09:32:45,559 (admin) Import:Validation took 0.029315 sec. (DefaultObjectBundleValidationService.java [http-nio-8080-exec-1])
* INFO  2026-07-16T09:32:45,604 (admin) Import:Commit took 0.039240 sec. (DefaultMetadataImportService.java [http-nio-8080-exec-1])
* INFO  2026-07-27T18:53:25,397 (admin) Import:Validation took 0.021825 sec. (DefaultObjectBundleValidationService.java [http-nio-8080-exec-3])
* INFO  2026-07-27T18:53:25,441 (admin) Import:Commit took 0.038497 sec. (DefaultMetadataImportService.java [http-nio-8080-exec-3])
* INFO  2026-07-28T06:55:57,124 (admin) Import:Validation took 0.027515 sec. (DefaultObjectBundleValidationService.java [http-nio-8080-exec-2])
* INFO  2026-07-28T06:55:57,168 (admin) Import:Commit took 0.040220 sec. (DefaultMetadataImportService.java [http-nio-8080-exec-2])
* INFO  2026-08-03T21:48:26,358 (admin) Import:Validation took 0.572687 sec. (DefaultObjectBundleValidationService.java [pool-5-thread-1])
* INFO  2026-08-03T21:48:26,366 (admin) Import:Commit took 0.001263 sec. (DefaultMetadataImportService.java [pool-5-thread-1])
* INFO  2026-08-03T21:48:40,751 (admin) Import:Validation took 0.362154 sec. (DefaultObjectBundleValidationService.java [pool-5-thread-1])
* INFO  2026-08-03T21:48:48,266 (admin) Import:Commit took 7.512126 sec. (DefaultMetadataImportService.java [pool-5-thread-1])
* INFO  2026-08-03T22:08:25,002 (admin) Import:Validation took 0.003588 sec. (DefaultObjectBundleValidationService.java [pool-5-thread-3])
* INFO  2026-08-03T22:08:25,008 (admin) Import:Commit took 0.000077 sec. (DefaultMetadataImportService.java [pool-5-thread-3])
* INFO  2026-08-03T22:08:30,137 (admin) Import:Validation took 0.002937 sec. (DefaultObjectBundleValidationService.java [pool-5-thread-3])
* INFO  2026-08-03T22:08:30,288 (admin) Import:Commit took 0.145512 sec. (DefaultMetadataImportService.java [pool-5-thread-3])
* INFO  2026-08-09T07:53:29,787 (admin) Import:Validation took 0.028269 sec. (DefaultObjectBundleValidationService.java [http-nio-8080-exec-1])
* INFO  2026-08-09T07:53:29,831 (admin) Import:Commit took 0.039823 sec. (DefaultMetadataImportService.java [http-nio-8080-exec-1])
* INFO  2026-08-09T08:02:40,001 (admin) Import:Validation took 0.093792 sec. (DefaultObjectBundleValidationService.java [http-nio-8080-exec-2])
* INFO  2026-08-09T08:02:40,737 (admin) Import:Commit took 0.734272 sec. (DefaultMetadataImportService.java [http-nio-8080-exec-2])
* INFO  2026-08-09T08:03:04,336 (admin) Import:Validation took 0.129351 sec. (DefaultObjectBundleValidationService.java [http-nio-8080-exec-3])
* INFO  2026-08-09T08:03:04,694 (admin) Import:Commit took 0.356995 sec. (DefaultMetadataImportService.java [http-nio-8080-exec-3])
* INFO  2026-08-09T08:03:26,252 (admin) Import:Validation took 0.009588 sec. (DefaultObjectBundleValidationService.java [http-nio-8080-exec-7])
* INFO  2026-08-09T08:03:26,464 (admin) Import:Commit took 0.209342 sec. (DefaultMetadataImportService.java [http-nio-8080-exec-7])
* INFO  2026-08-09T08:29:45,503 (admin) Import:Validation took 0.009796 sec. (DefaultObjectBundleValidationService.java [http-nio-8080-exec-9])
* INFO  2026-08-09T08:29:45,538 (admin) Import:Commit took 0.034206 sec. (DefaultMetadataImportService.java [http-nio-8080-exec-9])
* INFO  2026-08-09T08:30:00,067 (admin) Import:Validation took 0.006119 sec. (DefaultObjectBundleValidationService.java [http-nio-8080-exec-10])
* INFO  2026-08-09T08:30:00,085 (admin) Import:Commit took 0.016810 sec. (DefaultMetadataImportService.java [http-nio-8080-exec-10])
* INFO  2026-08-09T11:35:05,070 (admin) Import:Validation took 0.008248 sec. (DefaultObjectBundleValidationService.java [http-nio-8080-exec-5])
* INFO  2026-08-09T11:35:05,201 (admin) Import:Commit took 0.125179 sec. (DefaultMetadataImportService.java [http-nio-8080-exec-5])
