* INFO  2026-08-03T22:04:40,284 Found 11 analytics table types: [DATA_VALUE, TRACKED_ENTITY_INSTANCE_EVENTS, EVENT, TRACKED_ENTITY_INSTANCE_ENROLLMENTS, ENROLLMENT, COMPLETENESS_TARGET, COMPLETENESS, ORG_UNIT_TARGET, OWNERSHIP, TRACKED_ENTITY_INSTANCE, VALIDATION_RESULT] (DefaultAnalyticsTableGenerator.java [pool-5-thread-3])
* INFO  2026-08-03T22:04:40,285 Analytics table update: AnalyticsTableUpdateParams{last years=null, skip resource tables=false, refresh period resource table=false, skip table types=[TRACKED_ENTITY_INSTANCE_EVENTS, TRACKED_ENTITY_INSTANCE_ENROLLMENTS, TRACKED_ENTITY_INSTANCE], skip programs=[], skip outliers statistics=true, start time=2026-08-03T22:04:40} (DefaultAnalyticsTableGenerator.java [pool-5-thread-3])
* INFO  2026-08-03T22:04:40,286 Last successful analytics table update: null (DefaultAnalyticsTableGenerator.java [pool-5-thread-3])
* INFO  2026-08-03T22:04:40,986 Generating resource table: 'analytics_rs_orgunitstructure' (JdbcResourceTableStore.java [pool-5-thread-3])
* INFO  2026-08-03T22:04:44,351 Resource table update done: 'analytics_rs_orgunitstructure' '00:00:03.370' (JdbcResourceTableStore.java [pool-5-thread-3])
* INFO  2026-08-03T22:04:44,352 Generating resource table: 'analytics_rs_datasetorganisationunitcategory' (JdbcResourceTableStore.java [pool-5-thread-3])
* INFO  2026-08-03T22:04:44,500 Resource table update done: 'analytics_rs_datasetorganisationunitcategory' '00:00:00.148' (JdbcResourceTableStore.java [pool-5-thread-3])
* INFO  2026-08-03T22:04:44,502 Generating resource table: 'analytics_rs_categoryoptioncomboname' (JdbcResourceTableStore.java [pool-5-thread-3])
* INFO  2026-08-03T22:04:44,654 Resource table update done: 'analytics_rs_categoryoptioncomboname' '00:00:00.151' (JdbcResourceTableStore.java [pool-5-thread-3])
* INFO  2026-08-03T22:04:44,655 Generating resource table: 'analytics_rs_dataelementgroupsetstructure' (JdbcResourceTableStore.java [pool-5-thread-3])
* INFO  2026-08-03T22:04:44,856 Resource table update done: 'analytics_rs_dataelementgroupsetstructure' '00:00:00.201' (JdbcResourceTableStore.java [pool-5-thread-3])
* INFO  2026-08-03T22:04:44,858 Generating resource table: 'analytics_rs_indicatorgroupsetstructure' (JdbcResourceTableStore.java [pool-5-thread-3])
* INFO  2026-08-03T22:04:45,014 Resource table update done: 'analytics_rs_indicatorgroupsetstructure' '00:00:00.157' (JdbcResourceTableStore.java [pool-5-thread-3])
* INFO  2026-08-03T22:04:45,016 Generating resource table: 'analytics_rs_organisationunitgroupsetstructure' (JdbcResourceTableStore.java [pool-5-thread-3])
* INFO  2026-08-03T22:04:45,173 Resource table update done: 'analytics_rs_organisationunitgroupsetstructure' '00:00:00.157' (JdbcResourceTableStore.java [pool-5-thread-3])
* INFO  2026-08-03T22:04:45,176 Generating resource table: 'analytics_rs_categorystructure' (JdbcResourceTableStore.java [pool-5-thread-3])
* INFO  2026-08-03T22:04:45,365 Resource table update done: 'analytics_rs_categorystructure' '00:00:00.190' (JdbcResourceTableStore.java [pool-5-thread-3])
* INFO  2026-08-03T22:04:45,367 Generating resource table: 'analytics_rs_dataelementstructure' (JdbcResourceTableStore.java [pool-5-thread-3])
* INFO  2026-08-03T22:04:52,488 Resource table update done: 'analytics_rs_dataelementstructure' '00:00:07.121' (JdbcResourceTableStore.java [pool-5-thread-3])
* INFO  2026-08-03T22:04:52,489 Generating resource table: 'analytics_rs_dateperiodstructure' (JdbcResourceTableStore.java [pool-5-thread-3])
* INFO  2026-08-03T22:04:59,267 Resource table update done: 'analytics_rs_dateperiodstructure' '00:00:06.777' (JdbcResourceTableStore.java [pool-5-thread-3])
* INFO  2026-08-03T22:04:59,280 Generating resource table: 'analytics_rs_periodstructure' (JdbcResourceTableStore.java [pool-5-thread-3])
* INFO  2026-08-03T22:04:59,862 Resource table update done: 'analytics_rs_periodstructure' '00:00:00.583' (JdbcResourceTableStore.java [pool-5-thread-3])
* INFO  2026-08-03T22:04:59,864 Generating resource table: 'analytics_rs_dataelementcategoryoptioncombo' (JdbcResourceTableStore.java [pool-5-thread-3])
* INFO  2026-08-03T22:05:00,267 Resource table update done: 'analytics_rs_dataelementcategoryoptioncombo' '00:00:00.403' (JdbcResourceTableStore.java [pool-5-thread-3])
* INFO  2026-08-03T22:05:00,490 Analytics table update parameters: AnalyticsTableUpdateParams{last years=null, skip resource tables=false, refresh period resource table=false, skip table types=[TRACKED_ENTITY_INSTANCE_EVENTS, TRACKED_ENTITY_INSTANCE_ENROLLMENTS, TRACKED_ENTITY_INSTANCE], skip programs=[], skip outliers statistics=true, start time=2026-08-03T22:04:40} (DefaultAnalyticsTableService.java [pool-5-thread-3])
* INFO  2026-08-03T22:05:00,492 Starting update of type: DATA_VALUE, table name: 'analytics', parallel jobs: 7: 00:00:00.000 (Clock.java [pool-5-thread-3])
* INFO  2026-08-03T22:05:00,666 Table update start: analytics, earliest: null, parameters: AnalyticsTableUpdateParams{last years=null, skip resource tables=false, refresh period resource table=false, skip table types=[TRACKED_ENTITY_INSTANCE_EVENTS, TRACKED_ENTITY_INSTANCE_ENROLLMENTS, TRACKED_ENTITY_INSTANCE], skip programs=[], skip outliers statistics=true, start time=2026-08-03T22:04:40}: 00:00:00.174 (Clock.java [pool-5-thread-3])
* INFO  2026-08-03T22:05:00,682 Performed pre-create table work DATA_VALUE: 00:00:00.190 (Clock.java [pool-5-thread-3])
* INFO  2026-08-03T22:05:00,687 Dropped staging tables: 00:00:00.195 (Clock.java [pool-5-thread-3])
* INFO  2026-08-03T22:05:00,690 Creating table: 'analytics_temp', columns: '41' (AbstractJdbcTableManager.java [pool-5-thread-3])
* INFO  2026-08-03T22:05:00,713 Creating table: 'analytics_2026_temp', columns: '0' (AbstractJdbcTableManager.java [pool-5-thread-3])
* INFO  2026-08-03T22:05:00,734 Created analytics tables: 00:00:00.242 (Clock.java [pool-5-thread-3])
* INFO  2026-08-03T22:05:00,737 Populate table task number: 1 (DefaultAnalyticsTableService.java [pool-5-thread-3])
* INFO  2026-08-03T22:05:00,860 Populating table: 'analytics_2026_temp' [PERCENTAGE, INTEGER_NEGATIVE, UNIT_INTERVAL, INTEGER, INTEGER_POSITIVE, INTEGER_ZERO_OR_POSITIVE, NUMBER] in: 0.073079 sec. (AbstractJdbcTableManager.java [pool-5-thread-3])
* INFO  2026-08-03T22:05:00,898 Populating table: 'analytics_2026_temp' [BOOLEAN, TRUE_ONLY] in: 0.022196 sec. (AbstractJdbcTableManager.java [pool-5-thread-3])
* INFO  2026-08-03T22:05:00,946 Populating table: 'analytics_2026_temp' [BOOLEAN] in: 0.043117 sec. (AbstractJdbcTableManager.java [pool-5-thread-3])
* INFO  2026-08-03T22:05:00,999 Populating table: 'analytics_2026_temp' [PHONE_NUMBER, LONG_TEXT, TEXT, USERNAME, EMAIL, URL, LETTER, TIME, AGE, DATETIME, DATE] in: 0.034216 sec. (AbstractJdbcTableManager.java [pool-5-thread-3])
* INFO  2026-08-03T22:05:01,001 Populated analytics tables: 00:00:00.509 (Clock.java [pool-5-thread-3])
* INFO  2026-08-03T22:05:01,015 Invoked analytics table hooks: 00:00:00.523 (Clock.java [pool-5-thread-3])
* INFO  2026-08-03T22:05:01,046 Applied aggregation levels: 00:00:00.554 (Clock.java [pool-5-thread-3])
* INFO  2026-08-03T22:05:01,187 Created indexes: 00:00:00.695 (Clock.java [pool-5-thread-3])
* INFO  2026-08-03T22:05:01,213 Analyzed tables: 00:00:00.720 (Clock.java [pool-5-thread-3])
* INFO  2026-08-03T22:05:01,327 Swapping table, master table exists: 'false', skip master table: 'false' (AbstractJdbcTableManager.java [pool-5-thread-3])
* INFO  2026-08-03T22:05:01,381 Table update done: 'analytics': 00:00:00.889 (Clock.java [pool-5-thread-3])
* INFO  2026-08-03T22:05:01,383 Analytics table update parameters: AnalyticsTableUpdateParams{last years=null, skip resource tables=false, refresh period resource table=false, skip table types=[TRACKED_ENTITY_INSTANCE_EVENTS, TRACKED_ENTITY_INSTANCE_ENROLLMENTS, TRACKED_ENTITY_INSTANCE], skip programs=[], skip outliers statistics=true, start time=2026-08-03T22:04:40} (DefaultAnalyticsTableService.java [pool-5-thread-3])
* INFO  2026-08-03T22:05:01,385 Starting update of type: COMPLETENESS, table name: 'analytics_completeness', parallel jobs: 7: 00:00:00.000 (Clock.java [pool-5-thread-3])
* INFO  2026-08-03T22:05:01,391 Analytics table update parameters: AnalyticsTableUpdateParams{last years=null, skip resource tables=false, refresh period resource table=false, skip table types=[TRACKED_ENTITY_INSTANCE_EVENTS, TRACKED_ENTITY_INSTANCE_ENROLLMENTS, TRACKED_ENTITY_INSTANCE], skip programs=[], skip outliers statistics=true, start time=2026-08-03T22:04:40} (DefaultAnalyticsTableService.java [pool-5-thread-3])
* INFO  2026-08-03T22:05:01,392 Starting update of type: COMPLETENESS_TARGET, table name: 'analytics_completenesstarget', parallel jobs: 7: 00:00:00.000 (Clock.java [pool-5-thread-3])
* INFO  2026-08-03T22:05:01,401 Table update start: analytics_completenesstarget, earliest: null, parameters: AnalyticsTableUpdateParams{last years=null, skip resource tables=false, refresh period resource table=false, skip table types=[TRACKED_ENTITY_INSTANCE_EVENTS, TRACKED_ENTITY_INSTANCE_ENROLLMENTS, TRACKED_ENTITY_INSTANCE], skip programs=[], skip outliers statistics=true, start time=2026-08-03T22:04:40}: 00:00:00.009 (Clock.java [pool-5-thread-3])
* INFO  2026-08-03T22:05:01,407 Performed pre-create table work COMPLETENESS_TARGET: 00:00:00.014 (Clock.java [pool-5-thread-3])
* INFO  2026-08-03T22:05:01,419 Dropped staging tables: 00:00:00.027 (Clock.java [pool-5-thread-3])
* INFO  2026-08-03T22:05:01,421 Creating table: 'analytics_completenesstarget_temp', columns: '14' (AbstractJdbcTableManager.java [pool-5-thread-3])
* INFO  2026-08-03T22:05:01,435 Created analytics tables: 00:00:00.043 (Clock.java [pool-5-thread-3])
* INFO  2026-08-03T22:05:01,438 Populate table task number: 1 (DefaultAnalyticsTableService.java [pool-5-thread-3])
* INFO  2026-08-03T22:05:01,447 Populating table: 'analytics_completenesstarget_temp' in: 0.007239 sec. (AbstractJdbcTableManager.java [pool-5-thread-3])
* INFO  2026-08-03T22:05:01,450 Populated analytics tables: 00:00:00.057 (Clock.java [pool-5-thread-3])
* INFO  2026-08-03T22:05:01,462 Invoked analytics table hooks: 00:00:00.070 (Clock.java [pool-5-thread-3])
* INFO  2026-08-03T22:05:01,492 Applied aggregation levels: 00:00:00.100 (Clock.java [pool-5-thread-3])
* INFO  2026-08-03T22:05:01,529 Created indexes: 00:00:00.136 (Clock.java [pool-5-thread-3])
* INFO  2026-08-03T22:05:01,539 Analyzed tables: 00:00:00.147 (Clock.java [pool-5-thread-3])
* INFO  2026-08-03T22:05:01,562 Swapping table, master table exists: 'false', skip master table: 'false' (AbstractJdbcTableManager.java [pool-5-thread-3])
* INFO  2026-08-03T22:05:01,595 Table update done: 'analytics_completenesstarget': 00:00:00.202 (Clock.java [pool-5-thread-3])
* INFO  2026-08-03T22:05:01,597 Analytics table update parameters: AnalyticsTableUpdateParams{last years=null, skip resource tables=false, refresh period resource table=false, skip table types=[TRACKED_ENTITY_INSTANCE_EVENTS, TRACKED_ENTITY_INSTANCE_ENROLLMENTS, TRACKED_ENTITY_INSTANCE], skip programs=[], skip outliers statistics=true, start time=2026-08-03T22:04:40} (DefaultAnalyticsTableService.java [pool-5-thread-3])
* INFO  2026-08-03T22:05:01,598 Starting update of type: ORG_UNIT_TARGET, table name: 'analytics_orgunittarget', parallel jobs: 7: 00:00:00.000 (Clock.java [pool-5-thread-3])
* INFO  2026-08-03T22:05:01,606 Table update start: analytics_orgunittarget, earliest: null, parameters: AnalyticsTableUpdateParams{last years=null, skip resource tables=false, refresh period resource table=false, skip table types=[TRACKED_ENTITY_INSTANCE_EVENTS, TRACKED_ENTITY_INSTANCE_ENROLLMENTS, TRACKED_ENTITY_INSTANCE], skip programs=[], skip outliers statistics=true, start time=2026-08-03T22:04:40}: 00:00:00.008 (Clock.java [pool-5-thread-3])
* INFO  2026-08-03T22:05:01,610 Performed pre-create table work ORG_UNIT_TARGET: 00:00:00.011 (Clock.java [pool-5-thread-3])
* INFO  2026-08-03T22:05:01,618 Dropped staging tables: 00:00:00.019 (Clock.java [pool-5-thread-3])
* INFO  2026-08-03T22:05:01,621 Creating table: 'analytics_orgunittarget_temp', columns: '9' (AbstractJdbcTableManager.java [pool-5-thread-3])
* INFO  2026-08-03T22:05:01,636 Created analytics tables: 00:00:00.037 (Clock.java [pool-5-thread-3])
* INFO  2026-08-03T22:05:01,637 Populate table task number: 1 (DefaultAnalyticsTableService.java [pool-5-thread-3])
* INFO  2026-08-03T22:05:01,646 Populating table: 'analytics_orgunittarget_temp' in: 0.005813 sec. (AbstractJdbcTableManager.java [pool-5-thread-3])
* INFO  2026-08-03T22:05:01,648 Populated analytics tables: 00:00:00.049 (Clock.java [pool-5-thread-3])
* INFO  2026-08-03T22:05:01,657 Invoked analytics table hooks: 00:00:00.058 (Clock.java [pool-5-thread-3])
* INFO  2026-08-03T22:05:01,673 Applied aggregation levels: 00:00:00.075 (Clock.java [pool-5-thread-3])
* INFO  2026-08-03T22:05:01,692 Created indexes: 00:00:00.093 (Clock.java [pool-5-thread-3])
* INFO  2026-08-03T22:05:01,698 Analyzed tables: 00:00:00.099 (Clock.java [pool-5-thread-3])
* INFO  2026-08-03T22:05:01,713 Swapping table, master table exists: 'false', skip master table: 'false' (AbstractJdbcTableManager.java [pool-5-thread-3])
* INFO  2026-08-03T22:05:01,725 Table update done: 'analytics_orgunittarget': 00:00:00.126 (Clock.java [pool-5-thread-3])
* INFO  2026-08-03T22:05:01,726 Analytics table update parameters: AnalyticsTableUpdateParams{last years=null, skip resource tables=false, refresh period resource table=false, skip table types=[TRACKED_ENTITY_INSTANCE_EVENTS, TRACKED_ENTITY_INSTANCE_ENROLLMENTS, TRACKED_ENTITY_INSTANCE], skip programs=[], skip outliers statistics=true, start time=2026-08-03T22:04:40} (DefaultAnalyticsTableService.java [pool-5-thread-3])
* INFO  2026-08-03T22:05:01,729 Starting update of type: OWNERSHIP, table name: 'analytics_ownership', parallel jobs: 7: 00:00:00.000 (Clock.java [pool-5-thread-3])
* INFO  2026-08-03T22:05:01,743 Analytics table update parameters: AnalyticsTableUpdateParams{last years=null, skip resource tables=false, refresh period resource table=false, skip table types=[TRACKED_ENTITY_INSTANCE_EVENTS, TRACKED_ENTITY_INSTANCE_ENROLLMENTS, TRACKED_ENTITY_INSTANCE], skip programs=[], skip outliers statistics=true, start time=2026-08-03T22:04:40} (DefaultAnalyticsTableService.java [pool-5-thread-3])
* INFO  2026-08-03T22:05:01,746 Starting update of type: EVENT, table name: 'analytics_event', parallel jobs: 7: 00:00:00.000 (Clock.java [pool-5-thread-3])
* INFO  2026-08-03T22:05:01,751 Analytics table update parameters: AnalyticsTableUpdateParams{last years=null, skip resource tables=false, refresh period resource table=false, skip table types=[TRACKED_ENTITY_INSTANCE_EVENTS, TRACKED_ENTITY_INSTANCE_ENROLLMENTS, TRACKED_ENTITY_INSTANCE], skip programs=[], skip outliers statistics=true, start time=2026-08-03T22:04:40} (DefaultAnalyticsTableService.java [pool-5-thread-3])
* INFO  2026-08-03T22:05:01,752 Starting update of type: VALIDATION_RESULT, table name: 'analytics_validationresult', parallel jobs: 7: 00:00:00.000 (Clock.java [pool-5-thread-3])
* INFO  2026-08-03T22:05:01,757 Analytics table update parameters: AnalyticsTableUpdateParams{last years=null, skip resource tables=false, refresh period resource table=false, skip table types=[TRACKED_ENTITY_INSTANCE_EVENTS, TRACKED_ENTITY_INSTANCE_ENROLLMENTS, TRACKED_ENTITY_INSTANCE], skip programs=[], skip outliers statistics=true, start time=2026-08-03T22:04:40} (DefaultAnalyticsTableService.java [pool-5-thread-3])
* INFO  2026-08-03T22:05:01,758 Starting update of type: ENROLLMENT, table name: 'analytics_enrollment', parallel jobs: 7: 00:00:00.000 (Clock.java [pool-5-thread-3])
